0 info it worked if it ends with ok
1 verbose cli [ '/home/soundarya-21716/.nvm/versions/node/v5.12.0/bin/node',
1 verbose cli   '/home/soundarya-21716/.nvm/versions/node/v5.12.0/bin/npm',
1 verbose cli   'start' ]
2 info using npm@2.14.0
3 info using node@v5.12.0
4 verbose run-script [ 'prestart', 'start', 'poststart' ]
5 info prestart mock-customfunctions-server@1.0.0
6 info start mock-customfunctions-server@1.0.0
7 verbose unsafe-perm in lifecycle true
8 info mock-customfunctions-server@1.0.0 Failed to exec start script
9 verbose stack Error: mock-customfunctions-server@1.0.0 start: `node src/server.js`
9 verbose stack Exit status 1
9 verbose stack     at EventEmitter.<anonymous> (/home/soundarya-21716/.nvm/versions/node/v5.12.0/lib/node_modules/npm/lib/utils/lifecycle.js:214:16)
9 verbose stack     at emitTwo (events.js:100:13)
9 verbose stack     at EventEmitter.emit (events.js:185:7)
9 verbose stack     at ChildProcess.<anonymous> (/home/soundarya-21716/.nvm/versions/node/v5.12.0/lib/node_modules/npm/lib/utils/spawn.js:24:14)
9 verbose stack     at emitTwo (events.js:100:13)
9 verbose stack     at ChildProcess.emit (events.js:185:7)
9 verbose stack     at maybeClose (internal/child_process.js:850:16)
9 verbose stack     at Process.ChildProcess._handle.onexit (internal/child_process.js:215:5)
10 verbose pkgid mock-customfunctions-server@1.0.0
11 verbose cwd /home/soundarya-21716/Downloads/Mock server - data/mock-okta-server
12 error Linux 6.8.0-47-generic
13 error argv "/home/soundarya-21716/.nvm/versions/node/v5.12.0/bin/node" "/home/soundarya-21716/.nvm/versions/node/v5.12.0/bin/npm" "start"
14 error node v5.12.0
15 error npm  v2.14.0
16 error code ELIFECYCLE
17 error mock-customfunctions-server@1.0.0 start: `node src/server.js`
17 error Exit status 1
18 error Failed at the mock-customfunctions-server@1.0.0 start script 'node src/server.js'.
18 error This is most likely a problem with the mock-customfunctions-server package,
18 error not with npm itself.
18 error Tell the author that this fails on your system:
18 error     node src/server.js
18 error You can get their info via:
18 error     npm owner ls mock-customfunctions-server
18 error There is likely additional logging output above.
19 verbose exit [ 1, true ]
